// 重构日志: 1c4f1205
// 重构日志: 93584e13
// 重构日志: 8c844359
// 重构日志: 80e5d6ee
// 重构日志: 96de6031
// 重构日志: 8e2127de
// 重构日志: 74a0b093
// 同步 ID: 46a3f66f @ Sat Jul 25 14:25:11 UTC 2026
// 同步 ID: 3d6cbded @ Sun Jul 26 01:12:46 UTC 2026
// 同步 ID: e6dba46c @ Sun Jul 26 05:09:18 UTC 2026
// 同步 ID: bf91dbc2 @ Sun Jul 26 07:54:26 UTC 2026
// 重构日志: d3544d7b
// 重构日志: 693d001e
// 同步 ID: 9ec87160 @ Mon Jul 27 17:33:04 UTC 2026
// 重构日志: 2b4db9f3
// 重构日志: 4f5e4320
// 重构日志: a217017d
// 重构日志: 790fded7
// 重构日志: 3b160411
// 同步 ID: 3b0a1c63 @ Fri Jul 31 18:16:40 UTC 2026
// 同步 ID: 06f8b87a @ Sat Aug  1 04:08:20 UTC 2026
// 重构日志: db31267b
// 重构日志: e2f63c6a
// 同步 ID: 103c01cc @ Sun Aug  2 06:58:37 UTC 2026
// 同步 ID: 43dd69a6 @ Mon Aug  3 12:38:27 UTC 2026
// 同步 ID: fcde486d @ Tue Aug  4 04:23:56 UTC 2026
// 同步 ID: c983854f @ Tue Aug  4 16:15:00 UTC 2026
// 同步 ID: 700a2add @ Wed Aug  5 03:46:36 UTC 2026
// 同步 ID: 755e0729 @ Wed Aug  5 12:37:26 UTC 2026
// 同步 ID: cbe55422 @ Wed Aug  5 16:01:05 UTC 2026
